 
****************************************
Report : power
        -analysis_effort low
Design : railway_top
Version: T-2022.03-SP5
Date   : Mon Sep  7 06:59:00 2026
****************************************


Library(s) Used:

    saed05rvt_base_tt0p75v25c (File: /home/sveri/Downloads/SAED05nm_EDK_06_2026/SAED05_EDK/SAED05nm_EDK_STD_RVT/liberty/nldm/base/saed05rvt_base_tt0p75v25c.db)


Operating Conditions: tt0p75v25c   Library: saed05rvt_base_tt0p75v25c
Wire Load Model Mode: top


Global Operating Voltage = 0.75 
Power-specific unit information :
    Voltage Units = 1V
    Capacitance Units = 1.000000pf
    Time Units = 1ns
    Dynamic Power Units = 1mW    (derived from V,C,T units)
    Leakage Power Units = 1nW


Attributes
----------
i - Including register clock pin internal power


  Cell Internal Power  =   5.8906 uW   (96%)
  Net Switching Power  = 222.1388 nW    (4%)
                         ---------
Total Dynamic Power    =   6.1127 uW  (100%)

Cell Leakage Power     =  82.9364 nW


                 Internal         Switching           Leakage            Total
Power Group      Power            Power               Power              Power   (   %    )  Attrs
--------------------------------------------------------------------------------------------------
io_pad             0.0000            0.0000            0.0000            0.0000  (   0.00%)
memory             0.0000            0.0000            0.0000            0.0000  (   0.00%)
black_box          0.0000            0.0000            0.0000            0.0000  (   0.00%)
clock_network  5.6626e-03            0.0000            0.0000        5.6626e-03  (  91.40%)  i
register       1.4181e-04        5.6055e-05           52.5889        2.5046e-04  (   4.04%)
sequential         0.0000            0.0000            0.0000            0.0000  (   0.00%)
combinational  8.6144e-05        1.6608e-04           30.3475        2.8258e-04  (   4.56%)
--------------------------------------------------------------------------------------------------
Total          5.8906e-03 mW     2.2214e-04 mW        82.9364 nW     6.1957e-03 mW
1
