 
****************************************
Report : qor
Design : railway_top
Version: T-2022.03-SP5
Date   : Mon Sep  7 06:59:00 2026
****************************************


  Timing Path Group 'clk'
  -----------------------------------
  Levels of Logic:               8.00
  Critical Path Length:          0.13
  Critical Path Slack:           8.67
  Critical Path Clk Period:     10.00
  Total Negative Slack:          0.00
  No. of Violating Paths:        0.00
  Worst Hold Violation:         -0.03
  Total Hold Violation:         -0.85
  No. of Hold Violations:       38.00
  -----------------------------------


  Cell Count
  -----------------------------------
  Hierarchical Cell Count:          0
  Hierarchical Port Count:          0
  Leaf Cell Count:                224
  Buf/Inv Cell Count:              20
  Buf Cell Count:                   0
  Inv Cell Count:                  20
  CT Buf/Inv Cell Count:            0
  Combinational Cell Count:       185
  Sequential Cell Count:           39
  Macro Count:                      0
  -----------------------------------


  Area
  -----------------------------------
  Combinational Area:        2.362752
  Noncombinational Area:     4.560192
  Buf/Inv Area:              0.161280
  Total Buffer Area:             0.00
  Total Inverter Area:           0.16
  Macro/Black Box Area:      0.000000
  Net Area:                  0.000000
  -----------------------------------
  Cell Area:                 6.922944
  Design Area:               6.922944


  Design Rules
  -----------------------------------
  Total Number of Nets:           248
  Nets With Violations:             0
  Max Trans Violations:             0
  Max Cap Violations:               0
  -----------------------------------


  Hostname: entc1.mmpawarcoe.sveri.ac.in

  Compile CPU Statistics
  -----------------------------------------
  Resource Sharing:                    0.21
  Logic Optimization:                  0.04
  Mapping Optimization:                0.45
  -----------------------------------------
  Overall Compile Time:                5.75
  Overall Compile Wall Clock Time:     6.14

  --------------------------------------------------------------------

  Design  WNS: 0.00  TNS: 0.00  Number of Violating Paths: 0


  Design (Hold)  WNS: 0.03  TNS: 0.85  Number of Violating Paths: 38

  --------------------------------------------------------------------


1
