****************************************
Report : timing
	-path_type full_clock_expanded
	-delay_type min
	-max_paths 1
	-sort_by slack
Design : railway_top
Version: U-2022.12-SP3
Date   : Mon Sep  7 06:45:58 2026
****************************************


  Startpoint: U1/current_state_reg[0]
               (rising edge-triggered flip-flop clocked by clk)
  Endpoint: U1/error_flag_reg
               (rising edge-triggered flip-flop clocked by clk)
  Path Group: clk
  Path Type: min

  Point                                                   Incr       Path
  ------------------------------------------------------------------------------
  clock clk (rise edge)                                   0.00       0.00
  clock network delay (ideal)                             0.00       0.00
  U1/current_state_reg[0]/CLK (SAEDRVT05_FDP_X1_FA)       0.00       0.00 r
  U1/current_state_reg[0]/QN (SAEDRVT05_FDP_X1_FA)        0.01       0.01 r
  U517/OUT (SAEDRVT05_NR3_X1_FA)                          0.00       0.02 f
  U1/error_flag_reg/D (SAEDRVT05_FDP_X1_FA)               0.00       0.02 f
  data arrival time                                                  0.02

  clock clk (rise edge)                                   0.00       0.00
  clock network delay (ideal)                             0.00       0.00
  clock reconvergence pessimism                           0.00       0.00
  clock uncertainty                                       0.20       0.20
  U1/error_flag_reg/CLK (SAEDRVT05_FDP_X1_FA)                        0.20 r
  library hold time                                      -0.00       0.20
  data required time                                                 0.20
  ------------------------------------------------------------------------------
  data required time                                                 0.20
  data arrival time                                                 -0.02
  ------------------------------------------------------------------------------
  slack (VIOLATED)                                                  -0.18


1
