****************************************
Report : design
Design : railway_top
Version: U-2022.12-SP3
Date   : Mon Sep  7 07:02:52 2026
****************************************

Design Attribute                         Value
---------------------------------------------------------------------------
Operating Conditions:
  analysis_type                          on_chip_variation
  operating_condition_min_name           tt0p75v25c
  process_min                            1
  temperature_min                        25
  voltage_min                            0.75
  tree_type_min                          balanced_case

  operating_condition_max_name           tt0p75v25c
  process_max                            1
  temperature_max                        25
  voltage_max                            0.75
  tree_type_max                          balanced_case

Wire Load:                               (use report_wire_load for more information)
  wire_load_mode                         top
  wire_load_model_max                    --
  wire_load_model_min                    --
  wire_load_selection_group_max          --
  wire_load_selection_group_min          --
  wire_load_min_block_size               0

Design Rules:
  max_capacitance                        --
  min_capacitance                        --
  max_fanout                             16
  max_transition                         --
  static_integrity                       --
  dynamic_integrity                      --
  max_coupled_transition                 --
  max_area                               --

Timing Ranges:
  early_factor                           --
  late_factor                            --

Pin Input Delays:
None specified.

Pin Output Delays:
None specified.
Fast Analysis:                           disabled

1
